[PASS] pm_open_succeeds
[PASS] bp_create_returns_non_null
[PASS] bp_create_global_time_zero
[PASS] bp_create_frames_invalid
[PASS] bp_create_frames_pin_zero
[PASS] bp_create_frames_not_dirty
[PASS] bp_create_table_null
[PASS] bp_create_frame_data_not_null
[PASS] hash_function_range
[PASS] hash_insert_lookup_basic
[PASS] hash_insert_update_existing
[PASS] hash_lookup_missing
[PASS] hash_remove_found
[PASS] hash_remove_not_found_no_crash
[PASS] hash_lookup_null_bp
[PASS] hash_insert_invalid_page
[PASS] bp_fetch_page_null_bp
[PASS] bp_fetch_page_loads_new
[PASS] bp_fetch_page_pins_frame
[PASS] bp_fetch_page_cache_hit
[PASS] bp_pin_null_bp
[PASS] bp_unpin_null_bp
[PASS] bp_pin_increments_count
[PASS] bp_unpin_decrements_count
[PASS] bp_unpin_no_below_zero
[PASS] bp_unpin_marks_dirty
[PASS] bp_flush_page_null_bp
[PASS] bp_flush_page_missing
[PASS] bp_flush_page_clean
[PASS] bp_flush_page_dirty_before
[PASS] bp_flush_page_dirty
[PASS] bp_flush_page_clears_dirty
[PASS] bp_flush_all_no_crash
[PASS] bp_destroy_null_no_crash
[PASS] bp_eviction_flushes_and_loads
[PASS] bp_fetch_evict_flush_failure_returns_null
[PASS] bp_unpin_clean_no_wal
[PASS] bp_unpin_dirty_wal
[PASS] bp_unpin_wal_page_id
[PASS] bp_unpin_wal_data_match
