[PASS] borrow_right_leaf_returns_true
[PASS] borrow_right_leaf_increments_node
[PASS] borrow_right_leaf_decrements_sibling
[PASS] borrow_right_leaf_key_correct
[PASS] borrow_right_leaf_value_correct
[PASS] borrow_right_leaf_parent_guidepost
[PASS] borrow_right_leaf_sibling_stale_key
[PASS] borrow_right_leaf_sibling_stale_val
[PASS] borrow_right_no_sibling
[PASS] borrow_right_sibling_at_minimum
[PASS] borrow_right_search_10_gone
[PASS] borrow_right_search_20
[PASS] borrow_right_search_30
[PASS] borrow_right_search_40
[PASS] borrow_right_search_50
[PASS] del_borrow_right_10_gone
[PASS] del_borrow_right_20_ok
[PASS] del_borrow_right_50_ok
