[PASS] serialize_leaf_success
[PASS] deserialize_leaf_not_null
[PASS] deserialize_leaf_page_id
[PASS] deserialize_leaf_parent_id
[PASS] deserialize_leaf_num_keys
[PASS] deserialize_leaf_is_leaf
[PASS] deserialize_leaf_key_0
[PASS] deserialize_leaf_key_1
[PASS] deserialize_leaf_value_0
[PASS] deserialize_leaf_value_1
[PASS] deserialize_leaf_next_id
