[PASS] split_triggers_new_root
[PASS] split_root_is_inner
[PASS] split_root_has_one_key
[PASS] split_left_child_exists
[PASS] split_right_child_exists
[PASS] split_left_is_leaf
[PASS] split_right_is_leaf
[PASS] split_guidepost_in_right_leaf
[PASS] split_search_10
[PASS] split_search_20
[PASS] split_search_30
[PASS] split_search_40
[PASS] split_search_50
[PASS] split_search_missing
[PASS] split_reverse_search_10
[PASS] split_reverse_search_30
[PASS] split_reverse_search_50
[PASS] split_two_search_10
[PASS] split_two_search_50
[PASS] split_two_search_90
[PASS] split_two_missing
