[PASS] create_tree_returns_non_null
[PASS] create_tree_root_is_null
[PASS] create_leaf_returns_non_null
[PASS] create_leaf_is_leaf
[PASS] create_leaf_num_keys_zero
[PASS] create_leaf_next_is_null
[PASS] create_leaf_values_are_null
[PASS] create_inner_returns_non_null
[PASS] create_inner_not_leaf
[PASS] create_inner_num_keys_zero
[PASS] create_inner_children_are_null
