[PASS] fill_leaf_num_keys_3
[PASS] fill_leaf_still_leaf
[PASS] fill_leaf_key0
[PASS] fill_leaf_key1
[PASS] fill_leaf_key2
[PASS] fill_leaf_max_num_keys
[PASS] fill_leaf_max_still_leaf
[PASS] fill_full_leaf_num_keys
[PASS] fill_full_search_mid
[PASS] fill_full_search_last
[PASS] fill_full_search_missing
