[PASS] validate_empty_tree
[PASS] validate_single_leaf
[PASS] validate_after_each_insert
[PASS] validate_after_each_insert
[PASS] validate_after_each_insert
[PASS] validate_after_each_insert
[PASS] validate_after_each_insert
[PASS] validate_after_each_insert
[PASS] validate_after_each_insert
[PASS] validate_after_each_insert
[PASS] validate_after_each_insert
[PASS] validate_after_each_insert
[PASS] validate_after_each_insert
[PASS] validate_after_each_insert
[PASS] validate_after_each_insert
[PASS] validate_after_each_insert
[PASS] validate_after_each_insert
[PASS] validate_after_each_delete
[PASS] validate_after_each_delete
[PASS] validate_after_each_delete
[PASS] validate_after_each_delete
[PASS] validate_after_each_delete
[PASS] validate_after_each_delete
[PASS] validate_after_each_delete
[PASS] stress_500_ops
[PASS] stress_2000_ops
