[PASS] remove_decrements_num_keys
[PASS] remove_key_no_longer_found
[PASS] remove_others_remain_10
[PASS] remove_others_remain_30
[PASS] remove_shifts_keys_key0
[PASS] remove_shifts_keys_key1
[PASS] remove_clears_stale_key
[PASS] remove_clears_stale_value
[PASS] remove_first_num_keys
[PASS] remove_first_key_gone
[PASS] remove_first_shifts_key0
[PASS] remove_first_shifts_key1
[PASS] remove_last_num_keys
[PASS] remove_last_key_gone
[PASS] remove_last_others_10
[PASS] remove_last_others_20
[PASS] remove_missing_key_unchanged
[PASS] remove_single_key_num_keys_zero
[PASS] remove_single_key_gone
[PASS] remove_returns_leaf
