[PASS] sorted_single_key
[PASS] sorted_key_stored_correctly
[PASS] sorted_value_stored_correctly
[PASS] sorted_ascending_key0
[PASS] sorted_ascending_key1
[PASS] sorted_ascending_key2
[PASS] sorted_values_follow_key0
[PASS] sorted_values_follow_key1
[PASS] sorted_values_follow_key2
[PASS] sorted_prepend_key
[PASS] sorted_prepend_key1
[PASS] sorted_prepend_key2
[PASS] sorted_middle_key0
[PASS] sorted_middle_key1
[PASS] sorted_middle_key2
[PASS] sorted_duplicate_rejected
[PASS] sorted_duplicate_value_kept
[PASS] sorted_four_keys_full
[PASS] sorted_four_keys_key3
[PASS] sorted_four_keys_value3
