[PASS] merge_leaf_right_returns_parent
[PASS] merge_leaf_right_num_keys
[PASS] merge_leaf_right_parent_keys
[PASS] merge_leaf_right_val_0
[PASS] merge_leaf_right_val_2
[PASS] merge_trigger_50_gone
[PASS] merge_trigger_10_ok
[PASS] merge_trigger_40_ok
[PASS] root_is_inner_before
[PASS] root_is_leaf_after
[PASS] root_keys_after
[PASS] cascading_merge_170_gone
[PASS] cascading_merge_10_ok
[PASS] cascading_merge_100_ok
