[PASS] borrow_left_leaf_returns_true
[PASS] borrow_left_leaf_decrements_sibling
[PASS] borrow_left_leaf_increments_node
[PASS] borrow_left_leaf_key_correct
[PASS] borrow_left_leaf_value_correct
[PASS] borrow_left_leaf_parent_guidepost
[PASS] borrow_left_leaf_sibling_stale_key
[PASS] borrow_left_leaf_sibling_stale_val
[PASS] borrow_left_no_sibling
[PASS] borrow_left_sibling_at_minimum
[PASS] borrow_left_search_10
[PASS] borrow_left_search_20_gone
[PASS] borrow_left_search_30
[PASS] borrow_left_search_40
[PASS] borrow_left_search_50
[PASS] del_borrow_left_45_gone
[PASS] del_borrow_left_5_ok
[PASS] del_borrow_left_40_ok
