validate_tree FAILED at op 75 (key=398)
validate_tree FAILED at op 31 (key=199)
validate_tree FAILED at op 31 (key=256)

=================================================================
==32059==ERROR: LeakSanitizer: detected memory leaks

Direct leak of 133 byte(s) in 35 object(s) allocated from:
    #0 0x7fedd9ef74e8 in strdup ../../../../src/libsanitizer/asan/asan_interceptors.cpp:578
    #1 0x635e5be1870c in run_property_test tests/test_validate.c:146
    #2 0x635e5be18c33 in test_stress_1000 tests/test_validate.c:186
    #3 0x635e5be18d90 in main tests/test_validate.c:210
    #4 0x7fedd922a1c9 in __libc_start_call_main ../sysdeps/nptl/libc_start_call_main.h:58
    #5 0x7fedd922a28a in __libc_start_main_impl ../csu/libc-start.c:360
    #6 0x635e5be08464 in _start (/mnt/c/orice-in-afara-de-windows/bplustree-kv-store/tests/bin/test_validate+0x1d464) (BuildId: 5fc84eef94a4e9615b1fb5cfc8df88d09d45f5a1)

Direct leak of 72 byte(s) in 19 object(s) allocated from:
    #0 0x7fedd9ef74e8 in strdup ../../../../src/libsanitizer/asan/asan_interceptors.cpp:578
    #1 0x635e5be1870c in run_property_test tests/test_validate.c:146
    #2 0x635e5be18d11 in test_stress_1000000 tests/test_validate.c:196
    #3 0x635e5be18d9a in main tests/test_validate.c:212
    #4 0x7fedd922a1c9 in __libc_start_call_main ../sysdeps/nptl/libc_start_call_main.h:58
    #5 0x7fedd922a28a in __libc_start_main_impl ../csu/libc-start.c:360
    #6 0x635e5be08464 in _start (/mnt/c/orice-in-afara-de-windows/bplustree-kv-store/tests/bin/test_validate+0x1d464) (BuildId: 5fc84eef94a4e9615b1fb5cfc8df88d09d45f5a1)

Direct leak of 57 byte(s) in 15 object(s) allocated from:
    #0 0x7fedd9ef74e8 in strdup ../../../../src/libsanitizer/asan/asan_interceptors.cpp:578
    #1 0x635e5be1870c in run_property_test tests/test_validate.c:146
    #2 0x635e5be18ca2 in test_stress_100000 tests/test_validate.c:191
    #3 0x635e5be18d95 in main tests/test_validate.c:211
    #4 0x7fedd922a1c9 in __libc_start_call_main ../sysdeps/nptl/libc_start_call_main.h:58
    #5 0x7fedd922a28a in __libc_start_main_impl ../csu/libc-start.c:360
    #6 0x635e5be08464 in _start (/mnt/c/orice-in-afara-de-windows/bplustree-kv-store/tests/bin/test_validate+0x1d464) (BuildId: 5fc84eef94a4e9615b1fb5cfc8df88d09d45f5a1)

SUMMARY: AddressSanitizer: 262 byte(s) leaked in 69 allocation(s).
