[PASS] split_new_leaf_not_null
[PASS] split_new_leaf_is_leaf
[PASS] split_left_num_keys
[PASS] split_right_num_keys
[PASS] split_left_key0
[PASS] split_left_key1
[PASS] split_right_key0
[PASS] split_right_key1
[PASS] split_guidepost_in_right
[PASS] split_sibling_pointer_set
[PASS] split_sibling_next_null
[PASS] split_left_values_cleared_2
[PASS] split_left_values_cleared_3
[PASS] split_search_left_10
[PASS] split_search_left_20
[PASS] split_search_right_30
[PASS] split_search_right_40
