[PASS] insert_empty_returns_valid_id
[PASS] insert_empty_is_leaf
[PASS] insert_empty_num_keys_one
[PASS] insert_empty_key_stored
[PASS] insert_empty_value_stored
[PASS] insert_sort_num_keys
[PASS] insert_sort_order_key0
[PASS] insert_sort_order_key1
[PASS] insert_sort_order_key2
[PASS] insert_sort_value0
[PASS] insert_sort_value1
[PASS] insert_sort_value2
[PASS] insert_duplicate_num_keys
[PASS] insert_duplicate_value_unchanged
