[PASS] delete_existing_decrements_num_keys
[PASS] delete_existing_key_gone
[PASS] delete_existing_others_remain_10
[PASS] delete_existing_others_remain_30
[PASS] delete_shifts_keys_key0
[PASS] delete_shifts_keys_key1
[PASS] delete_first_decrements_num_keys
[PASS] delete_first_key_gone
[PASS] delete_first_shifts_key0
[PASS] delete_first_shifts_key1
[PASS] delete_missing_key_unchanged
[PASS] delete_from_null
[PASS] borrow_right_search_10_gone
[PASS] borrow_right_search_20
[PASS] borrow_right_search_30
[PASS] borrow_right_search_40
[PASS] borrow_right_search_50
[PASS] borrow_left_search_50_gone
[PASS] borrow_left_search_10
[PASS] borrow_left_search_20
[PASS] borrow_left_search_30
[PASS] borrow_left_search_40
[PASS] merge_search_40_gone
[PASS] merge_search_50_gone
[PASS] merge_search_10
[PASS] merge_search_20
[PASS] merge_search_30
[PASS] merge_root_is_leaf
